{
  "version": "1.5.0",
  "plugins_used": [
    {
      "name": "ArtifactoryDetector"
    },
    {
      "name": "AWSKeyDetector"
    },
    {
      "name": "AzureStorageKeyDetector"
    },
    {
      "name": "Base64HighEntropyString",
      "limit": 4.5
    },
    {
      "name": "BasicAuthDetector"
    },
    {
      "name": "CloudantDetector"
    },
    {
      "name": "DiscordBotTokenDetector"
    },
    {
      "name": "GitHubTokenDetector"
    },
    {
      "name": "GitLabTokenDetector"
    },
    {
      "name": "HexHighEntropyString",
      "limit": 3.0
    },
    {
      "name": "IbmCloudIamDetector"
    },
    {
      "name": "IbmCosHmacDetector"
    },
    {
      "name": "IPPublicDetector"
    },
    {
      "name": "JwtTokenDetector"
    },
    {
      "name": "KeywordDetector",
      "keyword_exclude": ""
    },
    {
      "name": "MailchimpDetector"
    },
    {
      "name": "NpmDetector"
    },
    {
      "name": "OpenAIDetector"
    },
    {
      "name": "PrivateKeyDetector"
    },
    {
      "name": "PypiTokenDetector"
    },
    {
      "name": "SendGridDetector"
    },
    {
      "name": "SlackDetector"
    },
    {
      "name": "SoftlayerDetector"
    },
    {
      "name": "SquareOAuthDetector"
    },
    {
      "name": "StripeDetector"
    },
    {
      "name": "TelegramBotTokenDetector"
    },
    {
      "name": "TwilioKeyDetector"
    }
  ],
  "filters_used": [
    {
      "path": "detect_secrets.filters.allowlist.is_line_allowlisted"
    },
    {
      "path": "detect_secrets.filters.common.is_baseline_file",
      "filename": ".secrets.baseline"
    },
    {
      "path": "detect_secrets.filters.common.is_ignored_due_to_verification_policies",
      "min_level": 2
    },
    {
      "path": "detect_secrets.filters.heuristic.is_indirect_reference"
    },
    {
      "path": "detect_secrets.filters.heuristic.is_likely_id_string"
    },
    {
      "path": "detect_secrets.filters.heuristic.is_lock_file"
    },
    {
      "path": "detect_secrets.filters.heuristic.is_not_alphanumeric_string"
    },
    {
      "path": "detect_secrets.filters.heuristic.is_potential_uuid"
    },
    {
      "path": "detect_secrets.filters.heuristic.is_prefixed_with_dollar_sign"
    },
    {
      "path": "detect_secrets.filters.heuristic.is_sequential_string"
    },
    {
      "path": "detect_secrets.filters.heuristic.is_swagger_file"
    },
    {
      "path": "detect_secrets.filters.heuristic.is_templated_secret"
    }
  ],
  "results": {
    "notebooks\\Analysis_Model.ipynb": [
      {
        "type": "Hex High Entropy String",
        "filename": "notebooks\\Analysis_Model.ipynb",
        "hashed_secret": "710c91edd7984b025f47830ec2ba0506894eed3f",
        "is_verified": false,
        "line_number": 5
      },
      {
        "type": "Hex High Entropy String",
        "filename": "notebooks\\Analysis_Model.ipynb",
        "hashed_secret": "1a696a3f73dbe7d666550461e403781f3290e8d7",
        "is_verified": false,
        "line_number": 23
      },
      {
        "type": "Hex High Entropy String",
        "filename": "notebooks\\Analysis_Model.ipynb",
        "hashed_secret": "e1f9a3f35c6bff77f847a39b4c4a5c9eb2892ecb",
        "is_verified": false,
        "line_number": 65
      },
      {
        "type": "Hex High Entropy String",
        "filename": "notebooks\\Analysis_Model.ipynb",
        "hashed_secret": "4f248bc40ab0f68e2dceb22e38c52828ee276179",
        "is_verified": false,
        "line_number": 108
      },
      {
        "type": "Hex High Entropy String",
        "filename": "notebooks\\Analysis_Model.ipynb",
        "hashed_secret": "d73541f2527eda15a3f3ab0018e4047afc81c7eb",
        "is_verified": false,
        "line_number": 146
      },
      {
        "type": "Hex High Entropy String",
        "filename": "notebooks\\Analysis_Model.ipynb",
        "hashed_secret": "336e39a34addaaa1dcefb999629f7106e531126e",
        "is_verified": false,
        "line_number": 155
      },
      {
        "type": "Base64 High Entropy String",
        "filename": "notebooks\\Analysis_Model.ipynb",
        "hashed_secret": "754be907b3991afb2038f7793a682316cd0ad2c4",
        "is_verified": false,
        "line_number": 672
      },
      {
        "type": "Base64 High Entropy String",
        "filename": "notebooks\\Analysis_Model.ipynb",
        "hashed_secret": "94f977fc3df5e92e9e8dba43b76833098b26dc7d",
        "is_verified": false,
        "line_number": 744
      },
      {
        "type": "Base64 High Entropy String",
        "filename": "notebooks\\Analysis_Model.ipynb",
        "hashed_secret": "b751739fd1b7208de1b83f8a60b6f479a23d71c4",
        "is_verified": false,
        "line_number": 893
      },
      {
        "type": "Base64 High Entropy String",
        "filename": "notebooks\\Analysis_Model.ipynb",
        "hashed_secret": "5682d598780884df7cf2ffb00e29177197a9deb4",
        "is_verified": false,
        "line_number": 958
      },
      {
        "type": "Base64 High Entropy String",
        "filename": "notebooks\\Analysis_Model.ipynb",
        "hashed_secret": "8105f176908e3f39e8c827211edc5bd5fc0e9904",
        "is_verified": false,
        "line_number": 1023
      },
      {
        "type": "Hex High Entropy String",
        "filename": "notebooks\\Analysis_Model.ipynb",
        "hashed_secret": "ed89e7dcaf1777f9efea0ab0797fbd10b2c7d226",
        "is_verified": false,
        "line_number": 1091
      },
      {
        "type": "Hex High Entropy String",
        "filename": "notebooks\\Analysis_Model.ipynb",
        "hashed_secret": "3b098c08c5c3f9aade0f5d78d7a46ed9d6633396",
        "is_verified": false,
        "line_number": 1123
      },
      {
        "type": "Base64 High Entropy String",
        "filename": "notebooks\\Analysis_Model.ipynb",
        "hashed_secret": "739efd7fe90ea01afddeccb4f44e8adbec09f227",
        "is_verified": false,
        "line_number": 1156
      },
      {
        "type": "Hex High Entropy String",
        "filename": "notebooks\\Analysis_Model.ipynb",
        "hashed_secret": "64ce44107c9383081cb7af635c42e6c9f697924e",
        "is_verified": false,
        "line_number": 1206
      },
      {
        "type": "Hex High Entropy String",
        "filename": "notebooks\\Analysis_Model.ipynb",
        "hashed_secret": "60122b6df256c94276216182bc984ed077ac181a",
        "is_verified": false,
        "line_number": 1378
      },
      {
        "type": "Hex High Entropy String",
        "filename": "notebooks\\Analysis_Model.ipynb",
        "hashed_secret": "6570df546ce494e5749017a0f11486bf95b2f025",
        "is_verified": false,
        "line_number": 1419
      },
      {
        "type": "Base64 High Entropy String",
        "filename": "notebooks\\Analysis_Model.ipynb",
        "hashed_secret": "55a29331127ac2ae5b15c6d0013f6797dd0c215f",
        "is_verified": false,
        "line_number": 1440
      },
      {
        "type": "Base64 High Entropy String",
        "filename": "notebooks\\Analysis_Model.ipynb",
        "hashed_secret": "44368861000a7fde63c61f2c37b910aa705cd48d",
        "is_verified": false,
        "line_number": 1468
      },
      {
        "type": "Base64 High Entropy String",
        "filename": "notebooks\\Analysis_Model.ipynb",
        "hashed_secret": "04eb70c8a455509b46824517ed8415430812f146",
        "is_verified": false,
        "line_number": 1519
      },
      {
        "type": "Hex High Entropy String",
        "filename": "notebooks\\Analysis_Model.ipynb",
        "hashed_secret": "3000c6f4e7b6bac23905ec6f5df0900e8790b469",
        "is_verified": false,
        "line_number": 1534
      },
      {
        "type": "Hex High Entropy String",
        "filename": "notebooks\\Analysis_Model.ipynb",
        "hashed_secret": "ab516617ee2d23a10b54cb782840e64475b22bec",
        "is_verified": false,
        "line_number": 1658
      },
      {
        "type": "Hex High Entropy String",
        "filename": "notebooks\\Analysis_Model.ipynb",
        "hashed_secret": "5fb1c256b49c18d7d2c8adeba0916dc9970e5a8a",
        "is_verified": false,
        "line_number": 1670
      },
      {
        "type": "Hex High Entropy String",
        "filename": "notebooks\\Analysis_Model.ipynb",
        "hashed_secret": "6ba1dd02c7bc62f260fb4f6093450169ea2aee9f",
        "is_verified": false,
        "line_number": 1698
      },
      {
        "type": "Hex High Entropy String",
        "filename": "notebooks\\Analysis_Model.ipynb",
        "hashed_secret": "e4210cb74a3a85a7a289b75d9982d15629cd0fc3",
        "is_verified": false,
        "line_number": 1710
      },
      {
        "type": "Hex High Entropy String",
        "filename": "notebooks\\Analysis_Model.ipynb",
        "hashed_secret": "88d2f357dcea890d97e49d4de3f26976c97f19cc",
        "is_verified": false,
        "line_number": 1720
      },
      {
        "type": "Hex High Entropy String",
        "filename": "notebooks\\Analysis_Model.ipynb",
        "hashed_secret": "701dc6db2b621e1535c4948bde37688d575fd7d4",
        "is_verified": false,
        "line_number": 1729
      },
      {
        "type": "Base64 High Entropy String",
        "filename": "notebooks\\Analysis_Model.ipynb",
        "hashed_secret": "01026d6de7b3ff3974a85d4f40b287ca5bc33f57",
        "is_verified": false,
        "line_number": 1741
      },
      {
        "type": "Hex High Entropy String",
        "filename": "notebooks\\Analysis_Model.ipynb",
        "hashed_secret": "f84a6371ab74df62e5bb93d6b1c4fe7064461d4c",
        "is_verified": false,
        "line_number": 1777
      },
      {
        "type": "Base64 High Entropy String",
        "filename": "notebooks\\Analysis_Model.ipynb",
        "hashed_secret": "c562089aadb5eaacda1bb24b4706fb75965fce4c",
        "is_verified": false,
        "line_number": 1789
      },
      {
        "type": "Hex High Entropy String",
        "filename": "notebooks\\Analysis_Model.ipynb",
        "hashed_secret": "4d0a32a223e9f986ddfe6ae8065d077c6f93ac07",
        "is_verified": false,
        "line_number": 1816
      },
      {
        "type": "Base64 High Entropy String",
        "filename": "notebooks\\Analysis_Model.ipynb",
        "hashed_secret": "5002edf603b798da595cfb46883734ba4ab5ce69",
        "is_verified": false,
        "line_number": 1837
      },
      {
        "type": "Base64 High Entropy String",
        "filename": "notebooks\\Analysis_Model.ipynb",
        "hashed_secret": "6e8f9df253ded1c93bd7efadaabeca217d66ec6e",
        "is_verified": false,
        "line_number": 1865
      },
      {
        "type": "Hex High Entropy String",
        "filename": "notebooks\\Analysis_Model.ipynb",
        "hashed_secret": "13e32c4233e77a8adbe6f8d6561cddbdc2a2dfdc",
        "is_verified": false,
        "line_number": 1884
      },
      {
        "type": "Hex High Entropy String",
        "filename": "notebooks\\Analysis_Model.ipynb",
        "hashed_secret": "0f0f6d032b6c0d62a09a9ed57e8ee1ae2604e902",
        "is_verified": false,
        "line_number": 1937
      },
      {
        "type": "Base64 High Entropy String",
        "filename": "notebooks\\Analysis_Model.ipynb",
        "hashed_secret": "c50ccbdc76087963604b427d262bc558a5514c6c",
        "is_verified": false,
        "line_number": 1958
      },
      {
        "type": "Hex High Entropy String",
        "filename": "notebooks\\Analysis_Model.ipynb",
        "hashed_secret": "e3dc91cf80086984ff08b5b8f356814438d12de2",
        "is_verified": false,
        "line_number": 1973
      },
      {
        "type": "Hex High Entropy String",
        "filename": "notebooks\\Analysis_Model.ipynb",
        "hashed_secret": "93689682d711487522dbe81f33260c4ea39f83b5",
        "is_verified": false,
        "line_number": 1983
      },
      {
        "type": "Base64 High Entropy String",
        "filename": "notebooks\\Analysis_Model.ipynb",
        "hashed_secret": "bb41149aaa29c7aee650744e9247e4a60688d508",
        "is_verified": false,
        "line_number": 2004
      },
      {
        "type": "Base64 High Entropy String",
        "filename": "notebooks\\Analysis_Model.ipynb",
        "hashed_secret": "510cda14a0258cfb7719c3649cb2558272b38889",
        "is_verified": false,
        "line_number": 2032
      },
      {
        "type": "Base64 High Entropy String",
        "filename": "notebooks\\Analysis_Model.ipynb",
        "hashed_secret": "92bccfc50374e6bcf150cb4cdfcc31749c9ae273",
        "is_verified": false,
        "line_number": 2083
      },
      {
        "type": "Hex High Entropy String",
        "filename": "notebooks\\Analysis_Model.ipynb",
        "hashed_secret": "1e011477f5cac1ef06cdeff0d351734d46a767cf",
        "is_verified": false,
        "line_number": 2110
      },
      {
        "type": "Base64 High Entropy String",
        "filename": "notebooks\\Analysis_Model.ipynb",
        "hashed_secret": "4d5a0ec664509cd8c7135d775722eda4d4367d4a",
        "is_verified": false,
        "line_number": 2141
      },
      {
        "type": "Hex High Entropy String",
        "filename": "notebooks\\Analysis_Model.ipynb",
        "hashed_secret": "4d81c786185c0b43a0e7525cdee75c0afea911a5",
        "is_verified": false,
        "line_number": 2156
      },
      {
        "type": "Hex High Entropy String",
        "filename": "notebooks\\Analysis_Model.ipynb",
        "hashed_secret": "3f5546b09bce02fe93cbfb0f3d03514d517f8f20",
        "is_verified": false,
        "line_number": 2177
      },
      {
        "type": "Base64 High Entropy String",
        "filename": "notebooks\\Analysis_Model.ipynb",
        "hashed_secret": "38969862d8276fb57a32bd9bfc84ecee7ba6112a",
        "is_verified": false,
        "line_number": 2189
      },
      {
        "type": "Hex High Entropy String",
        "filename": "notebooks\\Analysis_Model.ipynb",
        "hashed_secret": "0cdce35c7f0f2c4700a08ea36a3a1fe820dd6b04",
        "is_verified": false,
        "line_number": 2204
      },
      {
        "type": "Base64 High Entropy String",
        "filename": "notebooks\\Analysis_Model.ipynb",
        "hashed_secret": "df9f96bc49e1f3e7a1a501f221bfda8365d0a523",
        "is_verified": false,
        "line_number": 2237
      },
      {
        "type": "Hex High Entropy String",
        "filename": "notebooks\\Analysis_Model.ipynb",
        "hashed_secret": "b2720aeb7d70e92442ecdb1fb8488fb1b158bc76",
        "is_verified": false,
        "line_number": 2252
      },
      {
        "type": "Base64 High Entropy String",
        "filename": "notebooks\\Analysis_Model.ipynb",
        "hashed_secret": "a677c88a7afaa43101ac119feca6cbc8bab20576",
        "is_verified": false,
        "line_number": 2285
      },
      {
        "type": "Base64 High Entropy String",
        "filename": "notebooks\\Analysis_Model.ipynb",
        "hashed_secret": "72915cb9b80babe4908ad361fd2ad85286eabe7d",
        "is_verified": false,
        "line_number": 2313
      },
      {
        "type": "Hex High Entropy String",
        "filename": "notebooks\\Analysis_Model.ipynb",
        "hashed_secret": "9e33a8144d8ee7d0a40710cddf45f83542ef9146",
        "is_verified": false,
        "line_number": 2379
      },
      {
        "type": "Hex High Entropy String",
        "filename": "notebooks\\Analysis_Model.ipynb",
        "hashed_secret": "75a1fffb84248a4852dda702aed6d827497d34a4",
        "is_verified": false,
        "line_number": 2389
      },
      {
        "type": "Hex High Entropy String",
        "filename": "notebooks\\Analysis_Model.ipynb",
        "hashed_secret": "1c549fbd9fff3389f07aefe302426bb1bba66d95",
        "is_verified": false,
        "line_number": 2398
      },
      {
        "type": "Base64 High Entropy String",
        "filename": "notebooks\\Analysis_Model.ipynb",
        "hashed_secret": "4bf23ba16183f0811e97f7ae02a94dd223fa8864",
        "is_verified": false,
        "line_number": 2410
      },
      {
        "type": "Hex High Entropy String",
        "filename": "notebooks\\Analysis_Model.ipynb",
        "hashed_secret": "1554d803050881de142531d2077bf53fa6440de9",
        "is_verified": false,
        "line_number": 2425
      },
      {
        "type": "Hex High Entropy String",
        "filename": "notebooks\\Analysis_Model.ipynb",
        "hashed_secret": "1bfeaa834de1203c20732401dec587d992146af5",
        "is_verified": false,
        "line_number": 2437
      },
      {
        "type": "Base64 High Entropy String",
        "filename": "notebooks\\Analysis_Model.ipynb",
        "hashed_secret": "15d7968188a8afb8f8dcb2bd86ac39e3811d2380",
        "is_verified": false,
        "line_number": 2458
      },
      {
        "type": "Hex High Entropy String",
        "filename": "notebooks\\Analysis_Model.ipynb",
        "hashed_secret": "e64166e0a82e415c7b909005c0fc2cf4ae9ffb7c",
        "is_verified": false,
        "line_number": 2485
      },
      {
        "type": "Hex High Entropy String",
        "filename": "notebooks\\Analysis_Model.ipynb",
        "hashed_secret": "e44c97e80dd328fe374feab439d6dc4cb0981741",
        "is_verified": false,
        "line_number": 2518
      },
      {
        "type": "Base64 High Entropy String",
        "filename": "notebooks\\Analysis_Model.ipynb",
        "hashed_secret": "5e193a200b1b625ef1d630e24d7ca4a5c5736bcd",
        "is_verified": false,
        "line_number": 2530
      },
      {
        "type": "Hex High Entropy String",
        "filename": "notebooks\\Analysis_Model.ipynb",
        "hashed_secret": "43f29ad11a8195345a51f6f5ffb812ecb43dc444",
        "is_verified": false,
        "line_number": 2548
      },
      {
        "type": "Hex High Entropy String",
        "filename": "notebooks\\Analysis_Model.ipynb",
        "hashed_secret": "1f7b9cb4284737fa39ddb6d8a588ac296463e295",
        "is_verified": false,
        "line_number": 2566
      },
      {
        "type": "Hex High Entropy String",
        "filename": "notebooks\\Analysis_Model.ipynb",
        "hashed_secret": "7182ffb1e84fad2fa8b414e150a321a13725ba17",
        "is_verified": false,
        "line_number": 2577
      },
      {
        "type": "Hex High Entropy String",
        "filename": "notebooks\\Analysis_Model.ipynb",
        "hashed_secret": "ae1898ddc75ff97a0ad99dede88f83a2f69e522f",
        "is_verified": false,
        "line_number": 2687
      },
      {
        "type": "Base64 High Entropy String",
        "filename": "notebooks\\Analysis_Model.ipynb",
        "hashed_secret": "6171bf16577c4f9f1af7e9dc3e25ac65e7473e60",
        "is_verified": false,
        "line_number": 2699
      },
      {
        "type": "Hex High Entropy String",
        "filename": "notebooks\\Analysis_Model.ipynb",
        "hashed_secret": "f16628cc52a06dc75b0c679685dd6a99dc47d7cf",
        "is_verified": false,
        "line_number": 2778
      },
      {
        "type": "Hex High Entropy String",
        "filename": "notebooks\\Analysis_Model.ipynb",
        "hashed_secret": "d396af119e9ff66691facd666c66c62024fa6d08",
        "is_verified": false,
        "line_number": 2788
      },
      {
        "type": "Hex High Entropy String",
        "filename": "notebooks\\Analysis_Model.ipynb",
        "hashed_secret": "a97a9904c150b82bd522a7c433d4d267744b01bb",
        "is_verified": false,
        "line_number": 2855
      },
      {
        "type": "Hex High Entropy String",
        "filename": "notebooks\\Analysis_Model.ipynb",
        "hashed_secret": "3f26d4fe8ff84399535e1e256620539378fd69a9",
        "is_verified": false,
        "line_number": 2917
      },
      {
        "type": "Hex High Entropy String",
        "filename": "notebooks\\Analysis_Model.ipynb",
        "hashed_secret": "cb184123f854b5c11fb2f24a2b6c2b29df5523e1",
        "is_verified": false,
        "line_number": 2925
      },
      {
        "type": "Hex High Entropy String",
        "filename": "notebooks\\Analysis_Model.ipynb",
        "hashed_secret": "e0ad5d5f568ebe2b0b92bb7e4ad1ef1f82482ef1",
        "is_verified": false,
        "line_number": 3044
      },
      {
        "type": "Hex High Entropy String",
        "filename": "notebooks\\Analysis_Model.ipynb",
        "hashed_secret": "571c7cd21539448e8eb9016b19f6a742fe222e25",
        "is_verified": false,
        "line_number": 3052
      },
      {
        "type": "Hex High Entropy String",
        "filename": "notebooks\\Analysis_Model.ipynb",
        "hashed_secret": "68e29c72c0000dd55c862f3ae18c4ed35cfd8505",
        "is_verified": false,
        "line_number": 3063
      },
      {
        "type": "Hex High Entropy String",
        "filename": "notebooks\\Analysis_Model.ipynb",
        "hashed_secret": "73a128f54ebaa1e88dec4d30934bc3319ce0576c",
        "is_verified": false,
        "line_number": 3122
      },
      {
        "type": "Hex High Entropy String",
        "filename": "notebooks\\Analysis_Model.ipynb",
        "hashed_secret": "b3512005a24be024309e8003254f0c5e652efcdc",
        "is_verified": false,
        "line_number": 3133
      },
      {
        "type": "Hex High Entropy String",
        "filename": "notebooks\\Analysis_Model.ipynb",
        "hashed_secret": "88afdc481bb022b4367367eba0497cf9cbc44239",
        "is_verified": false,
        "line_number": 3166
      },
      {
        "type": "Hex High Entropy String",
        "filename": "notebooks\\Analysis_Model.ipynb",
        "hashed_secret": "b6e7239ee8478ea3118c1a3c87f4491cb7d72b5d",
        "is_verified": false,
        "line_number": 3177
      },
      {
        "type": "Hex High Entropy String",
        "filename": "notebooks\\Analysis_Model.ipynb",
        "hashed_secret": "d14d2e06963b81b01458027ca7fd2dd4b3ce0a90",
        "is_verified": false,
        "line_number": 3188
      },
      {
        "type": "Base64 High Entropy String",
        "filename": "notebooks\\Analysis_Model.ipynb",
        "hashed_secret": "b161d69a5e49be17efd36b8bd1c52e6dde28fa0d",
        "is_verified": false,
        "line_number": 3200
      },
      {
        "type": "Hex High Entropy String",
        "filename": "notebooks\\Analysis_Model.ipynb",
        "hashed_secret": "40e05a308825a126b14b8c4e8f765afface705f5",
        "is_verified": false,
        "line_number": 3232
      },
      {
        "type": "Hex High Entropy String",
        "filename": "notebooks\\Analysis_Model.ipynb",
        "hashed_secret": "2c8dbdc60c2c22fa14eae0c539623786a7dc8ce8",
        "is_verified": false,
        "line_number": 3425
      },
      {
        "type": "Hex High Entropy String",
        "filename": "notebooks\\Analysis_Model.ipynb",
        "hashed_secret": "b939c07873b3309f45c5fb97dc56aee63fde5584",
        "is_verified": false,
        "line_number": 3449
      },
      {
        "type": "Hex High Entropy String",
        "filename": "notebooks\\Analysis_Model.ipynb",
        "hashed_secret": "12918302573b416aa88deb6c9e83d1ebeeff77ae",
        "is_verified": false,
        "line_number": 3459
      }
    ]
  },
  "generated_at": "2026-08-24T16:02:12Z"
}
